< oppnuminjured>< numinjured>< oppnuminjured>< numinjured>< opprundifferential><Good /><winpercent><Good /><Bad /></winpercent></ opprundifferential>< oppwinpercent><winpercent><Good /><Bad /></winpercent><winpercent>< rundifferential><Good /><Good /></ rundifferential>< oppwinpercent>< temperature><winpercent><Good /><Bad /></winpercent><Bad /></ temperature><Good /></ oppwinpercent></winpercent></ oppwinpercent></ numinjured>< opprundifferential>< rundifferential>< opprundifferential>< dayssincegame><Bad />< dayssincegame>< temperature><Good /><Good /></ temperature><Bad /></ dayssincegame></ dayssincegame><Bad /></ opprundifferential>< oppwinpercent><winpercent><Good />< dayssincegame><Bad /><Good /></ dayssincegame></winpercent>< dayssincegame><Good /><Good /></ dayssincegame></ oppwinpercent></ rundifferential>< oppnuminjured>< rundifferential><Good />< rundifferential>< opprundifferential><winpercent><winpercent><Bad /><Good /></winpercent>< opprundifferential><Bad /><Bad /></ opprundifferential></winpercent><Bad /></ opprundifferential>< dayssincegame>< opprundifferential><winpercent>< oppwinpercent><Bad />< dayssincegame><Good /><Bad /></ dayssincegame></ oppwinpercent>< oppwinpercent><Bad /><Good /></ oppwinpercent></winpercent>< oppwinpercent><Good />< rundifferential><Bad />< opprundifferential><Good /><Bad /></ opprundifferential></ rundifferential></ oppwinpercent></ opprundifferential><Good /></ dayssincegame></ rundifferential></ rundifferential><Good /></ oppnuminjured></ opprundifferential></ oppnuminjured>< oppwinpercent><winpercent>< oppwinpercent>< opprundifferential>< oppdayssincegame>< rundifferential><winpercent>< opprundifferential><Good /><Good /></ opprundifferential><winpercent><Bad /><Good /></winpercent></winpercent>< oppwinpercent><Good /><Good /></ oppwinpercent></ rundifferential><winpercent><Good /><Bad /></winpercent></ oppdayssincegame><winpercent>< numinjured><Good /><Bad /></ numinjured>< oppwinpercent><Good />< dayssincegame><Bad /><Bad /></ dayssincegame></ oppwinpercent></winpercent></ opprundifferential><winpercent>< oppwinpercent><Good />< opprundifferential><Good /><Good /></ opprundifferential></ oppwinpercent>< rundifferential><winpercent><winpercent><Bad /><Bad /></winpercent><Good /></winpercent>< opprundifferential><Good />< oppwinpercent><Bad /><Good /></ oppwinpercent></ opprundifferential></ rundifferential></winpercent></ oppwinpercent>< opprundifferential>< oppwinpercent>< oppwinpercent><Good />< rundifferential><Good />< opprundifferential><Good />< oppwinpercent><Bad /><Bad /></ oppwinpercent></ opprundifferential></ rundifferential></ oppwinpercent>< rundifferential>< rundifferential><Good />< oppdayssincegame><Bad /><Bad /></ oppdayssincegame></ rundifferential><winpercent>< rundifferential>< oppwinpercent>< oppwinpercent><Bad />< oppdayssincegame><Good /><Good /></ oppdayssincegame></ oppwinpercent><Good /></ oppwinpercent><Good /></ rundifferential>< oppwinpercent><Bad /><Good /></ oppwinpercent></winpercent></ rundifferential></ oppwinpercent>< oppwinpercent><winpercent><Bad /><Good /></winpercent>< oppwinpercent>< rundifferential><Bad /><Good /></ rundifferential>< oppwinpercent><Bad />< rundifferential><Bad />< oppwinpercent>< opprundifferential><Good /><Bad /></ opprundifferential><Bad /></ oppwinpercent></ rundifferential></ oppwinpercent></ oppwinpercent></ oppwinpercent></ opprundifferential></winpercent>< oppwinpercent><winpercent>< rundifferential>< rundifferential><Bad /><Good /></ rundifferential><winpercent>< numinjured>< numinjured>< dayssincegame>< oppwinpercent><Good />< oppwinpercent>< rundifferential>< rundifferential><Bad />< rundifferential><Good /><Good /></ rundifferential></ rundifferential><Good /></ rundifferential><Good /></ oppwinpercent></ oppwinpercent><Good /></ dayssincegame><Bad /></ numinjured>< oppdayssincegame>< dayssincegame><Good />< oppnuminjured><Bad />< temperature><Good /><Good /></ temperature></ oppnuminjured></ dayssincegame>< dayssincegame>< temperature>< temperature><Good />< opprundifferential><Good /><Bad /></ opprundifferential></ temperature>< rundifferential><Good />< rundifferential><Good /><Good /></ rundifferential></ rundifferential></ temperature><Good /></ dayssincegame></ oppdayssincegame></ numinjured>< oppwinpercent>< rundifferential><Bad /><Good /></ rundifferential>< rundifferential><winpercent>< dayssincegame><winpercent><Good /><Good /></winpercent><Bad /></ dayssincegame>< opprundifferential>< temperature><Bad /><Good /></ temperature><Bad /></ opprundifferential></winpercent>< temperature><Good /><Good /></ temperature></ rundifferential></ oppwinpercent></winpercent></ rundifferential>< oppwinpercent>< opprundifferential>< oppwinpercent>< rundifferential><Bad />< rundifferential><Bad /><Good /></ rundifferential></ rundifferential>< oppnuminjured><Good /><Good /></ oppnuminjured></ oppwinpercent>< rundifferential>< oppwinpercent><Bad /><winpercent><Good />< rundifferential><Bad />< oppwinpercent><Bad /><Good /></ oppwinpercent></ rundifferential></winpercent></ oppwinpercent>< temperature>< opprundifferential><winpercent><Good />< rundifferential>< dayssincegame><Bad /><Good /></ dayssincegame><winpercent>< oppwinpercent><Bad /><Good /></ oppwinpercent><Bad /></winpercent></ rundifferential></winpercent><Bad /></ opprundifferential><winpercent><Good />< opprundifferential>< oppwinpercent><Good /><Good /></ oppwinpercent><Bad /></ opprundifferential></winpercent></ temperature></ rundifferential></ opprundifferential>< rundifferential>< oppdayssincegame><Bad /><Good /></ oppdayssincegame><winpercent>< temperature>< rundifferential>< opprundifferential>< rundifferential><winpercent><Good />< oppwinpercent>< oppwinpercent><Good /><Bad /></ oppwinpercent><Good /></ oppwinpercent></winpercent><Good /></ rundifferential>< dayssincegame><Good /><Good /></ dayssincegame></ opprundifferential><Good /></ rundifferential><Good /></ temperature>< opprundifferential><Good /><winpercent>< rundifferential>< oppwinpercent><Bad /><Good /></ oppwinpercent>< opprundifferential><Good /><Good /></ opprundifferential></ rundifferential><Bad /></winpercent></ opprundifferential></winpercent></ rundifferential></ oppwinpercent></winpercent>< rundifferential><Bad />< rundifferential><winpercent>< rundifferential><Bad /><Good /></ rundifferential><Bad /></winpercent>< numinjured>< numinjured><Good /><Bad /></ numinjured><Good /></ numinjured></ rundifferential></ rundifferential></ oppwinpercent></ oppwinpercent></ numinjured>< numinjured>< opprundifferential>< opprundifferential>< rundifferential><Bad />< opprundifferential><Good />< opprundifferential><Good /><Good /></ opprundifferential></ opprundifferential></ rundifferential>< rundifferential><winpercent>< temperature><Good />< rundifferential>< rundifferential><Good /><Bad /></ rundifferential>< oppnuminjured><Bad /><Good /></ oppnuminjured></ rundifferential></ temperature>< oppwinpercent><Bad />< rundifferential>< oppwinpercent><Bad /><Good /></ oppwinpercent><Good /></ rundifferential></ oppwinpercent></winpercent><winpercent><Good />< oppwinpercent><Bad />< oppwinpercent><Good /><Bad /></ oppwinpercent></ oppwinpercent></winpercent></ rundifferential></ opprundifferential>< opprundifferential>< rundifferential>< rundifferential>< rundifferential><Good /><Bad /></ rundifferential>< rundifferential>< oppwinpercent><Good />< oppwinpercent><Bad /><winpercent>< rundifferential><winpercent><Good /><Bad /></winpercent><Good /></ rundifferential>< temperature><Bad />< opprundifferential><Bad /><winpercent><Bad /><Bad /></winpercent></ opprundifferential></ temperature></winpercent></ oppwinpercent></ oppwinpercent>< opprundifferential><winpercent><Good />< oppwinpercent>< temperature><Bad /><Bad /></ temperature><winpercent>< opprundifferential>< oppwinpercent>< oppdayssincegame>< dayssincegame><Bad />< numinjured><Bad /><Good /></ numinjured></ dayssincegame><Bad /></ oppdayssincegame><Good /></ oppwinpercent><winpercent><Good /><Bad /></winpercent></ opprundifferential>< opprundifferential>< oppwinpercent><Bad />< dayssincegame><Good /><Bad /></ dayssincegame></ oppwinpercent><Bad /></ opprundifferential></winpercent></ oppwinpercent></winpercent>< oppwinpercent><Bad />< temperature>< oppdayssincegame><Good />< opprundifferential><Good />< oppwinpercent><Bad /><Bad /></ oppwinpercent></ opprundifferential></ oppdayssincegame><Bad /></ temperature></ oppwinpercent></ opprundifferential></ rundifferential></ rundifferential>< oppwinpercent><winpercent>< oppwinpercent><Bad />< oppwinpercent><Good /><Good /></ oppwinpercent></ oppwinpercent>< opprundifferential><winpercent>< rundifferential>< opprundifferential><Good />< opprundifferential><Bad /><Bad /></ opprundifferential></ opprundifferential><Good /></ rundifferential><Bad /></winpercent>< oppdayssincegame><Bad /><Bad /></ oppdayssincegame></ opprundifferential></winpercent>< opprundifferential>< temperature><Good /><Good /></ temperature>< dayssincegame>< oppdayssincegame>< temperature><Bad />< temperature><Good />< oppwinpercent><Bad /><winpercent><Bad /><Good /></winpercent></ oppwinpercent></ temperature></ temperature><Bad /></ oppdayssincegame><winpercent>< oppdayssincegame><Good />< temperature><Good /><Bad /></ temperature></ oppdayssincegame><Bad /></winpercent></ dayssincegame></ opprundifferential></ oppwinpercent></ rundifferential>< oppwinpercent>< oppwinpercent><Good /><Bad /></ oppwinpercent>< rundifferential>< rundifferential><Good />< rundifferential><Good /><Bad /></ rundifferential></ rundifferential>< rundifferential><winpercent>< rundifferential><Bad /><Bad /></ rundifferential><Bad /></winpercent><winpercent><Good />< oppdayssincegame><Good /><winpercent><winpercent><Bad />< oppwinpercent><Bad />< rundifferential><winpercent><Bad /><Bad /></winpercent><Good /></ rundifferential></ oppwinpercent></winpercent><Bad /></winpercent></ oppdayssincegame></winpercent></ rundifferential></ rundifferential></ oppwinpercent></ opprundifferential></ opprundifferential>< oppnuminjured>< oppwinpercent><winpercent>< oppwinpercent>< oppwinpercent><Good />< oppwinpercent><Bad /><Good /></ oppwinpercent></ oppwinpercent>< oppwinpercent><Bad /><Good /></ oppwinpercent></ oppwinpercent>< opprundifferential>< rundifferential><Bad />< opprundifferential><Good />< numinjured>< opprundifferential>< oppwinpercent><Bad /><Good /></ oppwinpercent><Bad /></ opprundifferential><Bad /></ numinjured></ opprundifferential></ rundifferential>< rundifferential><Good /><winpercent>< opprundifferential>< numinjured>< dayssincegame><Bad /><Good /></ dayssincegame><Bad /></ numinjured><Bad /></ opprundifferential>< numinjured><Bad /><Bad /></ numinjured></winpercent></ rundifferential></ opprundifferential></winpercent>< oppnuminjured>< oppwinpercent><winpercent>< rundifferential><Good />< dayssincegame><Bad /><Good /></ dayssincegame></ rundifferential>< rundifferential><winpercent><Bad /><Bad /></winpercent>< rundifferential>< oppwinpercent><Bad />< opprundifferential>< oppwinpercent>< opprundifferential><Good /><Good /></ opprundifferential><Good /></ oppwinpercent><Bad /></ opprundifferential></ oppwinpercent>< temperature><Good /><Good /></ temperature></ rundifferential></ rundifferential></winpercent><winpercent>< rundifferential><Bad /><winpercent>< oppwinpercent><winpercent><Good />< oppdayssincegame>< dayssincegame>< rundifferential><Good /><Good /></ rundifferential><Good /></ dayssincegame><Good /></ oppdayssincegame></winpercent><Good /></ oppwinpercent>< oppwinpercent>< rundifferential><Bad />< oppwinpercent><Bad /><Good /></ oppwinpercent></ rundifferential>< oppwinpercent>< rundifferential>< temperature><Good /><Good /></ temperature>< temperature><Good /><Good /></ temperature></ rundifferential><Good /></ oppwinpercent></ oppwinpercent></winpercent></ rundifferential>< oppwinpercent>< oppwinpercent><Bad />< oppdayssincegame>< rundifferential><Good /><Good /></ rundifferential><winpercent><Bad /><Good /></winpercent></ oppdayssincegame></ oppwinpercent>< opprundifferential><Good /><Good /></ opprundifferential></ oppwinpercent></winpercent></ oppwinpercent><Bad /></ oppnuminjured></ oppwinpercent>< numinjured>< numinjured><Good />< opprundifferential>< opprundifferential>< rundifferential><Bad /><Good /></ rundifferential>< oppwinpercent>< rundifferential><winpercent><Good /><Bad /></winpercent><Good /></ rundifferential>< oppnuminjured>< oppwinpercent><Good /><Good /></ oppwinpercent><Bad /></ oppnuminjured></ oppwinpercent></ opprundifferential>< opprundifferential>< rundifferential>< rundifferential><Good /><winpercent>< oppwinpercent>< oppnuminjured><Bad /><Good /></ oppnuminjured>< opprundifferential>< rundifferential><Good /><Good /></ rundifferential><Bad /></ opprundifferential></ oppwinpercent>< oppwinpercent><Good />< opprundifferential><winpercent><Bad /><Bad /></winpercent>< temperature><Bad />< dayssincegame><Bad /><Good /></ dayssincegame></ temperature></ opprundifferential></ oppwinpercent></winpercent></ rundifferential><winpercent>< oppwinpercent><Bad />< oppnuminjured>< oppdayssincegame><Bad /><Good /></ oppdayssincegame><Bad /></ oppnuminjured></ oppwinpercent>< oppwinpercent><Bad />< rundifferential>< opprundifferential><Good />< oppwinpercent><Bad /><Bad /></ oppwinpercent></ opprundifferential><Good /></ rundifferential></ oppwinpercent></winpercent></ rundifferential>< temperature>< oppwinpercent><Good />< rundifferential><Good />< oppwinpercent><Bad />< rundifferential>< rundifferential><Bad /><Bad /></ rundifferential>< opprundifferential><Good /><Bad /></ opprundifferential></ rundifferential></ oppwinpercent></ rundifferential></ oppwinpercent><Bad /></ temperature></ opprundifferential></ opprundifferential></ numinjured>< oppnuminjured>< oppwinpercent><winpercent><winpercent><Good /><Good /></winpercent><Bad /></winpercent><winpercent><Good />< opprundifferential><Good />< temperature><Bad /><winpercent><Good />< oppdayssincegame><Good /><Bad /></ oppdayssincegame></winpercent></ temperature></ opprundifferential></winpercent></ oppwinpercent>< numinjured><winpercent><Bad /><Bad /></winpercent><Good /></ numinjured></ oppnuminjured></ numinjured></ oppnuminjured></ numinjured></ oppnuminjured>